2025-08-26T12:39:54.4051823Z Current runner version: '2.328.0'
2025-08-26T12:39:54.4084470Z ##[group]Runner Image Provisioner
2025-08-26T12:39:54.4085799Z Hosted Compute Agent
2025-08-26T12:39:54.4086797Z Version: 20250825.382
2025-08-26T12:39:54.4087783Z Commit: 7109f2abf901479dac39397456e363ac0cca0730
2025-08-26T12:39:54.4089082Z Build Date: 2025-08-25T22:55:50Z
2025-08-26T12:39:54.4090335Z ##[endgroup]
2025-08-26T12:39:54.4091171Z ##[group]Operating System
2025-08-26T12:39:54.4092274Z Ubuntu
2025-08-26T12:39:54.4093081Z 24.04.2
2025-08-26T12:39:54.4093898Z LTS
2025-08-26T12:39:54.4094662Z ##[endgroup]
2025-08-26T12:39:54.4095677Z ##[group]Runner Image
2025-08-26T12:39:54.4096711Z Image: ubuntu-24.04
2025-08-26T12:39:54.4097572Z Version: 20250818.1.0
2025-08-26T12:39:54.4099512Z Included Software: https://github.com/actions/runner-images/blob/ubuntu24/20250818.1/images/ubuntu/Ubuntu2404-Readme.md
2025-08-26T12:39:54.4102653Z Image Release: https://github.com/actions/runner-images/releases/tag/ubuntu24%2F20250818.1
2025-08-26T12:39:54.4104498Z ##[endgroup]
2025-08-26T12:39:54.4106351Z ##[group]GITHUB_TOKEN Permissions
2025-08-26T12:39:54.4109040Z Contents: read
2025-08-26T12:39:54.4110200Z Metadata: read
2025-08-26T12:39:54.4111111Z Packages: read
2025-08-26T12:39:54.4112063Z ##[endgroup]
2025-08-26T12:39:54.4114924Z Secret source: Actions
2025-08-26T12:39:54.4116005Z Prepare workflow directory
2025-08-26T12:39:54.4969230Z Prepare all required actions
2025-08-26T12:39:54.5026204Z Getting action download info
2025-08-26T12:39:54.9756664Z Download action repository 'actions/checkout@v4' (SHA:08eba0b27e820071cde6df949e0beb9ba4906955)
2025-08-26T12:39:55.6203361Z Download action repository 'actions/setup-node@v4' (SHA:49933ea5288caeca8642d1e84afbd3f7d6820020)
2025-08-26T12:39:56.0160964Z Download action repository 'actions/cache@v3' (SHA:2f8e54208210a422b2efd51efaa6bd6d7ca8920f)
2025-08-26T12:39:56.6114287Z Download action repository 'codecov/codecov-action@v3' (SHA:ab904c41d6ece82784817410c45d8b8c02684457)
2025-08-26T12:39:57.5851946Z Complete job name: 🧪 Tests - Segurança, Acessibilidade e Mobile
2025-08-26T12:39:57.6296724Z ##[group]Checking docker version
2025-08-26T12:39:57.6309621Z ##[command]/usr/bin/docker version --format '{{.Server.APIVersion}}'
2025-08-26T12:39:57.6758854Z '1.48'
2025-08-26T12:39:57.6773102Z Docker daemon API version: '1.48'
2025-08-26T12:39:57.6773583Z ##[command]/usr/bin/docker version --format '{{.Client.APIVersion}}'
2025-08-26T12:39:57.6937399Z '1.48'
2025-08-26T12:39:57.6949206Z Docker client API version: '1.48'
2025-08-26T12:39:57.6954838Z ##[endgroup]
2025-08-26T12:39:57.6957522Z ##[group]Clean up resources from previous jobs
2025-08-26T12:39:57.6962656Z ##[command]/usr/bin/docker ps --all --quiet --no-trunc --filter "label=6da8c8"
2025-08-26T12:39:57.7101399Z ##[command]/usr/bin/docker network prune --force --filter "label=6da8c8"
2025-08-26T12:39:57.7236345Z ##[endgroup]
2025-08-26T12:39:57.7236645Z ##[group]Create local container network
2025-08-26T12:39:57.7246414Z ##[command]/usr/bin/docker network create --label 6da8c8 github_network_eca861e0ef394bcbb5a7c140bfadfb71
2025-08-26T12:39:57.7967087Z bc9a72ce5e402c3d73d55d2638eabc964926d5a79eb524decf035ea0c015a5c9
2025-08-26T12:39:57.7980707Z ##[endgroup]
2025-08-26T12:39:57.8005807Z ##[group]Starting postgres service container
2025-08-26T12:39:57.8025817Z ##[command]/usr/bin/docker pull postgres:15
2025-08-26T12:39:58.8529740Z 15: Pulling from library/postgres
2025-08-26T12:39:59.1315570Z 396b1da7636e: Pulling fs layer
2025-08-26T12:39:59.1329218Z fca2566eba32: Pulling fs layer
2025-08-26T12:39:59.1330674Z 631fe8c6d606: Pulling fs layer
2025-08-26T12:39:59.1331078Z 77c7671c4414: Pulling fs layer
2025-08-26T12:39:59.1331454Z 2d9e29180a27: Pulling fs layer
2025-08-26T12:39:59.1331894Z c6bcc2c9a041: Pulling fs layer
2025-08-26T12:39:59.1332302Z ac4b721eb66f: Pulling fs layer
2025-08-26T12:39:59.1332682Z 606bd164980e: Pulling fs layer
2025-08-26T12:39:59.1333036Z f5dfd246bc6e: Pulling fs layer
2025-08-26T12:39:59.1333382Z ba7036bb0a60: Pulling fs layer
2025-08-26T12:39:59.1333953Z 799f859abbbd: Pulling fs layer
2025-08-26T12:39:59.1334196Z d903e777080c: Pulling fs layer
2025-08-26T12:39:59.1334431Z 04adcb462801: Pulling fs layer
2025-08-26T12:39:59.1334660Z 5c10925b29ff: Pulling fs layer
2025-08-26T12:39:59.1334893Z 77c7671c4414: Waiting
2025-08-26T12:39:59.1335094Z 2d9e29180a27: Waiting
2025-08-26T12:39:59.1335280Z c6bcc2c9a041: Waiting
2025-08-26T12:39:59.1335463Z ac4b721eb66f: Waiting
2025-08-26T12:39:59.1335641Z 606bd164980e: Waiting
2025-08-26T12:39:59.1335823Z f5dfd246bc6e: Waiting
2025-08-26T12:39:59.1335998Z ba7036bb0a60: Waiting
2025-08-26T12:39:59.1336182Z 799f859abbbd: Waiting
2025-08-26T12:39:59.1336369Z d903e777080c: Waiting
2025-08-26T12:39:59.1336549Z 04adcb462801: Waiting
2025-08-26T12:39:59.1336724Z 5c10925b29ff: Waiting
2025-08-26T12:39:59.4058567Z fca2566eba32: Verifying Checksum
2025-08-26T12:39:59.4066081Z fca2566eba32: Download complete
2025-08-26T12:39:59.4800536Z 631fe8c6d606: Verifying Checksum
2025-08-26T12:39:59.4802471Z 631fe8c6d606: Download complete
2025-08-26T12:39:59.6515745Z 77c7671c4414: Verifying Checksum
2025-08-26T12:39:59.6521124Z 77c7671c4414: Download complete
2025-08-26T12:39:59.8152931Z 396b1da7636e: Download complete
2025-08-26T12:39:59.8381188Z 2d9e29180a27: Verifying Checksum
2025-08-26T12:39:59.8402542Z 2d9e29180a27: Download complete
2025-08-26T12:39:59.9509236Z c6bcc2c9a041: Verifying Checksum
2025-08-26T12:39:59.9517061Z c6bcc2c9a041: Download complete
2025-08-26T12:40:00.1176449Z ac4b721eb66f: Verifying Checksum
2025-08-26T12:40:00.1178672Z ac4b721eb66f: Download complete
2025-08-26T12:40:00.1371738Z 606bd164980e: Verifying Checksum
2025-08-26T12:40:00.1372323Z 606bd164980e: Download complete
2025-08-26T12:40:00.4090733Z ba7036bb0a60: Verifying Checksum
2025-08-26T12:40:00.4107845Z ba7036bb0a60: Download complete
2025-08-26T12:40:00.4211356Z 799f859abbbd: Verifying Checksum
2025-08-26T12:40:00.4213653Z 799f859abbbd: Download complete
2025-08-26T12:40:00.7036624Z 04adcb462801: Verifying Checksum
2025-08-26T12:40:00.7037219Z 04adcb462801: Download complete
2025-08-26T12:40:00.7140718Z d903e777080c: Verifying Checksum
2025-08-26T12:40:00.7142984Z d903e777080c: Download complete
2025-08-26T12:40:00.9488629Z 396b1da7636e: Pull complete
2025-08-26T12:40:01.0247696Z 5c10925b29ff: Download complete
2025-08-26T12:40:02.1423359Z f5dfd246bc6e: Verifying Checksum
2025-08-26T12:40:02.1423819Z f5dfd246bc6e: Download complete
2025-08-26T12:40:02.5184766Z fca2566eba32: Pull complete
2025-08-26T12:40:02.8135162Z 631fe8c6d606: Pull complete
2025-08-26T12:40:02.8693797Z 77c7671c4414: Pull complete
2025-08-26T12:40:03.2352015Z 2d9e29180a27: Pull complete
2025-08-26T12:40:03.3267997Z c6bcc2c9a041: Pull complete
2025-08-26T12:40:03.3384273Z ac4b721eb66f: Pull complete
2025-08-26T12:40:03.3520899Z 606bd164980e: Pull complete
2025-08-26T12:40:07.4251095Z f5dfd246bc6e: Pull complete
2025-08-26T12:40:07.4483139Z ba7036bb0a60: Pull complete
2025-08-26T12:40:07.4648903Z 799f859abbbd: Pull complete
2025-08-26T12:40:07.4790199Z d903e777080c: Pull complete
2025-08-26T12:40:07.4928199Z 04adcb462801: Pull complete
2025-08-26T12:40:07.5053917Z 5c10925b29ff: Pull complete
2025-08-26T12:40:07.5099561Z Digest: sha256:bc51cf4f1fe02cce7ed2370b20128a9b00b4eb804573a77d2a0d877aaa9c82b1
2025-08-26T12:40:07.5117302Z Status: Downloaded newer image for postgres:15
2025-08-26T12:40:07.5131821Z docker.io/library/postgres:15
2025-08-26T12:40:07.5226157Z ##[command]/usr/bin/docker create --name 0cc4111ec3e546a0923a8c380189f0f0_postgres15_8b670c --label 6da8c8 --network github_network_eca861e0ef394bcbb5a7c140bfadfb71 --network-alias postgres -p 5433:5432 --health-cmd pg_isready --health-interval 10s --health-timeout 5s --health-retries 5 -e "POSTGRES_PASSWORD=clinic_password" -e "POSTGRES_USER=clinic_user" -e "POSTGRES_DB=eo_clinica_db" -e GITHUB_ACTIONS=true -e CI=true postgres:15
2025-08-26T12:40:07.5531474Z 028dfefd00022defd6a05ab3f12821723d11d5799cf3e0dc0ebba1a69801aa31
2025-08-26T12:40:07.5555049Z ##[command]/usr/bin/docker start 028dfefd00022defd6a05ab3f12821723d11d5799cf3e0dc0ebba1a69801aa31
2025-08-26T12:40:07.8702054Z 028dfefd00022defd6a05ab3f12821723d11d5799cf3e0dc0ebba1a69801aa31
2025-08-26T12:40:07.8740859Z ##[command]/usr/bin/docker ps --all --filter id=028dfefd00022defd6a05ab3f12821723d11d5799cf3e0dc0ebba1a69801aa31 --filter status=running --no-trunc --format "{{.ID}} {{.Status}}"
2025-08-26T12:40:07.8922786Z 028dfefd00022defd6a05ab3f12821723d11d5799cf3e0dc0ebba1a69801aa31 Up Less than a second (health: starting)
2025-08-26T12:40:07.8955666Z ##[command]/usr/bin/docker port 028dfefd00022defd6a05ab3f12821723d11d5799cf3e0dc0ebba1a69801aa31
2025-08-26T12:40:07.9144036Z 5432/tcp -> 0.0.0.0:5433
2025-08-26T12:40:07.9144841Z 5432/tcp -> [::]:5433
2025-08-26T12:40:07.9217717Z ##[endgroup]
2025-08-26T12:40:07.9219302Z ##[group]Starting redis service container
2025-08-26T12:40:07.9220872Z ##[command]/usr/bin/docker pull redis:7
2025-08-26T12:40:08.9861989Z 7: Pulling from library/redis
2025-08-26T12:40:09.2516474Z b1badc6e5066: Pulling fs layer
2025-08-26T12:40:09.2517187Z 746f3da5d8fb: Pulling fs layer
2025-08-26T12:40:09.2519014Z 1d58eaac926a: Pulling fs layer
2025-08-26T12:40:09.2519782Z 5c06f884d8fa: Pulling fs layer
2025-08-26T12:40:09.2520400Z 5ce544915f10: Pulling fs layer
2025-08-26T12:40:09.2520725Z b547341e3d62: Pulling fs layer
2025-08-26T12:40:09.2520939Z 4f4fb700ef54: Pulling fs layer
2025-08-26T12:40:09.2521159Z b5cf1c58df65: Pulling fs layer
2025-08-26T12:40:09.2521355Z 5c06f884d8fa: Waiting
2025-08-26T12:40:09.2521543Z 5ce544915f10: Waiting
2025-08-26T12:40:09.2521712Z b547341e3d62: Waiting
2025-08-26T12:40:09.2521882Z 4f4fb700ef54: Waiting
2025-08-26T12:40:09.2522046Z b5cf1c58df65: Waiting
2025-08-26T12:40:09.5099397Z 1d58eaac926a: Verifying Checksum
2025-08-26T12:40:09.5100666Z 1d58eaac926a: Download complete
2025-08-26T12:40:09.5206402Z 746f3da5d8fb: Verifying Checksum
2025-08-26T12:40:09.5207495Z 746f3da5d8fb: Download complete
2025-08-26T12:40:09.7715156Z 5c06f884d8fa: Verifying Checksum
2025-08-26T12:40:09.7715655Z 5c06f884d8fa: Download complete
2025-08-26T12:40:09.8231789Z b1badc6e5066: Verifying Checksum
2025-08-26T12:40:09.8232644Z b1badc6e5066: Download complete
2025-08-26T12:40:09.9475297Z 5ce544915f10: Verifying Checksum
2025-08-26T12:40:09.9475827Z 5ce544915f10: Download complete
2025-08-26T12:40:10.0464048Z b547341e3d62: Verifying Checksum
2025-08-26T12:40:10.0466345Z b547341e3d62: Download complete
2025-08-26T12:40:10.0939755Z 4f4fb700ef54: Verifying Checksum
2025-08-26T12:40:10.0941486Z 4f4fb700ef54: Download complete
2025-08-26T12:40:10.2131191Z b5cf1c58df65: Verifying Checksum
2025-08-26T12:40:10.2131695Z b5cf1c58df65: Download complete
2025-08-26T12:40:11.0031569Z b1badc6e5066: Pull complete
2025-08-26T12:40:11.2698506Z 746f3da5d8fb: Pull complete
2025-08-26T12:40:11.2869036Z 1d58eaac926a: Pull complete
2025-08-26T12:40:11.3377099Z 5c06f884d8fa: Pull complete
2025-08-26T12:40:11.5955331Z 5ce544915f10: Pull complete
2025-08-26T12:40:11.6050727Z b547341e3d62: Pull complete
2025-08-26T12:40:11.6175502Z 4f4fb700ef54: Pull complete
2025-08-26T12:40:11.6288752Z b5cf1c58df65: Pull complete
2025-08-26T12:40:11.6336975Z Digest: sha256:4421962706d7a901cbd435282515704040203d67c653160e3a46a27b79c40e19
2025-08-26T12:40:11.6351278Z Status: Downloaded newer image for redis:7
2025-08-26T12:40:11.6384156Z docker.io/library/redis:7
2025-08-26T12:40:11.6404671Z ##[command]/usr/bin/docker create --name 8076312a5ba543b1b10bc0c7897102a3_redis7_392d4a --label 6da8c8 --network github_network_eca861e0ef394bcbb5a7c140bfadfb71 --network-alias redis -p 6380:6379 --health-cmd "redis-cli ping" --health-interval 10s --health-timeout 5s --health-retries 5 -e GITHUB_ACTIONS=true -e CI=true redis:7
2025-08-26T12:40:11.6639796Z 3ecd6b74a61f3a8143f32a435312fad3ed233fa0fa6d9385028d414d1f4d757e
2025-08-26T12:40:11.6652052Z ##[command]/usr/bin/docker start 3ecd6b74a61f3a8143f32a435312fad3ed233fa0fa6d9385028d414d1f4d757e
2025-08-26T12:40:11.8242107Z 3ecd6b74a61f3a8143f32a435312fad3ed233fa0fa6d9385028d414d1f4d757e
2025-08-26T12:40:11.8262957Z ##[command]/usr/bin/docker ps --all --filter id=3ecd6b74a61f3a8143f32a435312fad3ed233fa0fa6d9385028d414d1f4d757e --filter status=running --no-trunc --format "{{.ID}} {{.Status}}"
2025-08-26T12:40:11.8426850Z 3ecd6b74a61f3a8143f32a435312fad3ed233fa0fa6d9385028d414d1f4d757e Up Less than a second (health: starting)
2025-08-26T12:40:11.8442149Z ##[command]/usr/bin/docker port 3ecd6b74a61f3a8143f32a435312fad3ed233fa0fa6d9385028d414d1f4d757e
2025-08-26T12:40:11.8564292Z 6379/tcp -> 0.0.0.0:6380
2025-08-26T12:40:11.8566178Z 6379/tcp -> [::]:6380
2025-08-26T12:40:11.8585236Z ##[endgroup]
2025-08-26T12:40:11.8596589Z ##[group]Waiting for all services to be ready
2025-08-26T12:40:11.8610871Z ##[command]/usr/bin/docker inspect --format="{{if .Config.Healthcheck}}{{print .State.Health.Status}}{{end}}" 028dfefd00022defd6a05ab3f12821723d11d5799cf3e0dc0ebba1a69801aa31
2025-08-26T12:40:11.8736629Z starting
2025-08-26T12:40:11.8757307Z postgres service is starting, waiting 2 seconds before checking again.
2025-08-26T12:40:13.8755754Z ##[command]/usr/bin/docker inspect --format="{{if .Config.Healthcheck}}{{print .State.Health.Status}}{{end}}" 028dfefd00022defd6a05ab3f12821723d11d5799cf3e0dc0ebba1a69801aa31
2025-08-26T12:40:13.8885002Z starting
2025-08-26T12:40:13.8898161Z postgres service is starting, waiting 4 seconds before checking again.
2025-08-26T12:40:18.1877704Z ##[command]/usr/bin/docker inspect --format="{{if .Config.Healthcheck}}{{print .State.Health.Status}}{{end}}" 028dfefd00022defd6a05ab3f12821723d11d5799cf3e0dc0ebba1a69801aa31
2025-08-26T12:40:18.2004453Z healthy
2025-08-26T12:40:18.2022839Z postgres service is healthy.
2025-08-26T12:40:18.2024081Z ##[command]/usr/bin/docker inspect --format="{{if .Config.Healthcheck}}{{print .State.Health.Status}}{{end}}" 3ecd6b74a61f3a8143f32a435312fad3ed233fa0fa6d9385028d414d1f4d757e
2025-08-26T12:40:18.2212462Z starting
2025-08-26T12:40:18.2226754Z redis service is starting, waiting 2 seconds before checking again.
2025-08-26T12:40:20.2221067Z ##[command]/usr/bin/docker inspect --format="{{if .Config.Healthcheck}}{{print .State.Health.Status}}{{end}}" 3ecd6b74a61f3a8143f32a435312fad3ed233fa0fa6d9385028d414d1f4d757e
2025-08-26T12:40:20.2349107Z starting
2025-08-26T12:40:20.2364362Z redis service is starting, waiting 3 seconds before checking again.
2025-08-26T12:40:23.9523262Z ##[command]/usr/bin/docker inspect --format="{{if .Config.Healthcheck}}{{print .State.Health.Status}}{{end}}" 3ecd6b74a61f3a8143f32a435312fad3ed233fa0fa6d9385028d414d1f4d757e
2025-08-26T12:40:23.9663724Z healthy
2025-08-26T12:40:23.9678471Z redis service is healthy.
2025-08-26T12:40:23.9679235Z ##[endgroup]
2025-08-26T12:40:23.9920317Z ##[group]Run actions/checkout@v4
2025-08-26T12:40:23.9920927Z with:
2025-08-26T12:40:23.9921133Z   repository: josivantarcio/jtarcio-clinica
2025-08-26T12:40:23.9921548Z   token: ***
2025-08-26T12:40:23.9921712Z   ssh-strict: true
2025-08-26T12:40:23.9921885Z   ssh-user: git
2025-08-26T12:40:23.9922059Z   persist-credentials: true
2025-08-26T12:40:23.9922269Z   clean: true
2025-08-26T12:40:23.9922449Z   sparse-checkout-cone-mode: true
2025-08-26T12:40:23.9922677Z   fetch-depth: 1
2025-08-26T12:40:23.9922845Z   fetch-tags: false
2025-08-26T12:40:23.9923015Z   show-progress: true
2025-08-26T12:40:23.9923188Z   lfs: false
2025-08-26T12:40:23.9923341Z   submodules: false
2025-08-26T12:40:23.9923521Z   set-safe-directory: true
2025-08-26T12:40:23.9923907Z ##[endgroup]
2025-08-26T12:40:24.1067615Z Syncing repository: josivantarcio/jtarcio-clinica
2025-08-26T12:40:24.1069505Z ##[group]Getting Git version info
2025-08-26T12:40:24.1070557Z Working directory is '/home/runner/work/jtarcio-clinica/jtarcio-clinica'
2025-08-26T12:40:24.1071485Z [command]/usr/bin/git version
2025-08-26T12:40:24.1107114Z git version 2.51.0
2025-08-26T12:40:24.1139181Z ##[endgroup]
2025-08-26T12:40:24.1149415Z Temporarily overriding HOME='/home/runner/work/_temp/4f8015e4-9de8-4ff8-8ae6-beb924103b4f' before making global git config changes
2025-08-26T12:40:24.1154044Z Adding repository directory to the temporary git global config as a safe directory
2025-08-26T12:40:24.1168741Z [command]/usr/bin/git config --global --add safe.directory /home/runner/work/jtarcio-clinica/jtarcio-clinica
2025-08-26T12:40:24.1205785Z Deleting the contents of '/home/runner/work/jtarcio-clinica/jtarcio-clinica'
2025-08-26T12:40:24.1210265Z ##[group]Initializing the repository
2025-08-26T12:40:24.1215534Z [command]/usr/bin/git init /home/runner/work/jtarcio-clinica/jtarcio-clinica
2025-08-26T12:40:24.1281131Z hint: Using 'master' as the name for the initial branch. This default branch name
2025-08-26T12:40:24.1285360Z hint: is subject to change. To configure the initial branch name to use in all
2025-08-26T12:40:24.1287997Z hint: of your new repositories, which will suppress this warning, call:
2025-08-26T12:40:24.1290461Z hint:
2025-08-26T12:40:24.1292535Z hint: 	git config --global init.defaultBranch <name>
2025-08-26T12:40:24.1298657Z hint:
2025-08-26T12:40:24.1299187Z hint: Names commonly chosen instead of 'master' are 'main', 'trunk' and
2025-08-26T12:40:24.1301069Z hint: 'development'. The just-created branch can be renamed via this command:
2025-08-26T12:40:24.1301676Z hint:
2025-08-26T12:40:24.1301988Z hint: 	git branch -m <name>
2025-08-26T12:40:24.1302330Z hint:
2025-08-26T12:40:24.1302814Z hint: Disable this message with "git config set advice.defaultBranchName false"
2025-08-26T12:40:24.1303780Z Initialized empty Git repository in /home/runner/work/jtarcio-clinica/jtarcio-clinica/.git/
2025-08-26T12:40:24.1305533Z [command]/usr/bin/git remote add origin https://github.com/josivantarcio/jtarcio-clinica
2025-08-26T12:40:24.1340685Z ##[endgroup]
2025-08-26T12:40:24.1342237Z ##[group]Disabling automatic garbage collection
2025-08-26T12:40:24.1344259Z [command]/usr/bin/git config --local gc.auto 0
2025-08-26T12:40:24.1376322Z ##[endgroup]
2025-08-26T12:40:24.1376909Z ##[group]Setting up auth
2025-08-26T12:40:24.1383859Z [command]/usr/bin/git config --local --name-only --get-regexp core\.sshCommand
2025-08-26T12:40:24.1418905Z [command]/usr/bin/git submodule foreach --recursive sh -c "git config --local --name-only --get-regexp 'core\.sshCommand' && git config --local --unset-all 'core.sshCommand' || :"
2025-08-26T12:40:24.1696709Z [command]/usr/bin/git config --local --name-only --get-regexp http\.https\:\/\/github\.com\/\.extraheader
2025-08-26T12:40:24.1728531Z [command]/usr/bin/git submodule foreach --recursive sh -c "git config --local --name-only --get-regexp 'http\.https\:\/\/github\.com\/\.extraheader' && git config --local --unset-all 'http.https://github.com/.extraheader' || :"
2025-08-26T12:40:24.1961508Z [command]/usr/bin/git config --local http.https://github.com/.extraheader AUTHORIZATION: basic ***
2025-08-26T12:40:24.1996985Z ##[endgroup]
2025-08-26T12:40:24.1998278Z ##[group]Fetching the repository
2025-08-26T12:40:24.2009073Z [command]/usr/bin/git -c protocol.version=2 fetch --no-tags --prune --no-recurse-submodules --depth=1 origin +2a875eefdb97b79aa7694e958373fa1d8137b5e6:refs/remotes/origin/main
2025-08-26T12:40:25.2008542Z From https://github.com/josivantarcio/jtarcio-clinica
2025-08-26T12:40:25.2009271Z  * [new ref]         2a875eefdb97b79aa7694e958373fa1d8137b5e6 -> origin/main
2025-08-26T12:40:25.2042195Z ##[endgroup]
2025-08-26T12:40:25.2043394Z ##[group]Determining the checkout info
2025-08-26T12:40:25.2044457Z ##[endgroup]
2025-08-26T12:40:25.2051035Z [command]/usr/bin/git sparse-checkout disable
2025-08-26T12:40:25.2091280Z [command]/usr/bin/git config --local --unset-all extensions.worktreeConfig
2025-08-26T12:40:25.2121302Z ##[group]Checking out the ref
2025-08-26T12:40:25.2125842Z [command]/usr/bin/git checkout --progress --force -B main refs/remotes/origin/main
2025-08-26T12:40:25.2615616Z Switched to a new branch 'main'
2025-08-26T12:40:25.2627347Z branch 'main' set up to track 'origin/main'.
2025-08-26T12:40:25.2628610Z ##[endgroup]
2025-08-26T12:40:25.2685932Z [command]/usr/bin/git log -1 --format=%H
2025-08-26T12:40:25.2720752Z 2a875eefdb97b79aa7694e958373fa1d8137b5e6
2025-08-26T12:40:25.2960402Z ##[group]Run actions/setup-node@v4
2025-08-26T12:40:25.2960689Z with:
2025-08-26T12:40:25.2961041Z   node-version: 18
2025-08-26T12:40:25.2961221Z   cache: npm
2025-08-26T12:40:25.2961384Z   always-auth: false
2025-08-26T12:40:25.2961571Z   check-latest: false
2025-08-26T12:40:25.2961886Z   token: ***
2025-08-26T12:40:25.2962052Z ##[endgroup]
2025-08-26T12:40:25.4723170Z Found in cache @ /opt/hostedtoolcache/node/18.20.8/x64
2025-08-26T12:40:25.4730950Z ##[group]Environment details
2025-08-26T12:40:27.0771889Z node: v18.20.8
2025-08-26T12:40:27.0772766Z npm: 10.8.2
2025-08-26T12:40:27.0773460Z yarn: 1.22.22
2025-08-26T12:40:27.0774991Z ##[endgroup]
2025-08-26T12:40:27.0801273Z [command]/opt/hostedtoolcache/node/18.20.8/x64/bin/npm config get cache
2025-08-26T12:40:27.3481755Z /home/runner/.npm
2025-08-26T12:40:27.7081317Z Cache hit for: node-cache-Linux-x64-npm-162972607ed50d86ec18ea0f06d9fa4e6ad58d20657df796894dd3e9007e9a6e
2025-08-26T12:40:28.1931410Z Received 14416 of 14416 (100.0%), 0.1 MBs/sec
2025-08-26T12:40:28.1936419Z Cache Size: ~0 MB (14416 B)
2025-08-26T12:40:28.1963289Z [command]/usr/bin/tar -xf /home/runner/work/_temp/7679ea14-93cd-41ee-b6df-162d73aeb43c/cache.tzst -P -C /home/runner/work/jtarcio-clinica/jtarcio-clinica --use-compress-program unzstd
2025-08-26T12:40:28.2021077Z Cache restored successfully
2025-08-26T12:40:28.2026534Z Cache restored from key: node-cache-Linux-x64-npm-162972607ed50d86ec18ea0f06d9fa4e6ad58d20657df796894dd3e9007e9a6e
2025-08-26T12:40:28.3304524Z ##[group]Run actions/cache@v3
2025-08-26T12:40:28.3304773Z with:
2025-08-26T12:40:28.3304983Z   path: ~/.npm
node_modules
frontend/node_modules

2025-08-26T12:40:28.3305396Z   key: Linux-node-162972607ed50d86ec18ea0f06d9fa4e6ad58d20657df796894dd3e9007e9a6e
2025-08-26T12:40:28.3305796Z   restore-keys: Linux-node-

2025-08-26T12:40:28.3306032Z   enableCrossOsArchive: false
2025-08-26T12:40:28.3306256Z   fail-on-cache-miss: false
2025-08-26T12:40:28.3306458Z   lookup-only: false
2025-08-26T12:40:28.3306646Z ##[endgroup]
2025-08-26T12:40:28.7707549Z Cache not found for input keys: Linux-node-162972607ed50d86ec18ea0f06d9fa4e6ad58d20657df796894dd3e9007e9a6e, Linux-node-
2025-08-26T12:40:28.7786068Z ##[group]Run # Skip husky in CI and use cache
2025-08-26T12:40:28.7786494Z [36;1m# Skip husky in CI and use cache[0m
2025-08-26T12:40:28.7786770Z [36;1mif [ ! -d "node_modules" ]; then[0m
2025-08-26T12:40:28.7787034Z [36;1m  npm ci --ignore-scripts[0m
2025-08-26T12:40:28.7787269Z [36;1mfi[0m
2025-08-26T12:40:28.7787477Z [36;1mif [ ! -d "frontend/node_modules" ]; then[0m
2025-08-26T12:40:28.7787772Z [36;1m  cd frontend && npm ci --ignore-scripts[0m
2025-08-26T12:40:28.7788021Z [36;1mfi[0m
2025-08-26T12:40:28.7836725Z shell: /usr/bin/bash -e {0}
2025-08-26T12:40:28.7836968Z ##[endgroup]
2025-08-26T12:40:30.8790887Z npm warn EBADENGINE Unsupported engine {
2025-08-26T12:40:30.8791777Z npm warn EBADENGINE   package: '@isaacs/balanced-match@4.0.1',
2025-08-26T12:40:30.8792611Z npm warn EBADENGINE   required: { node: '20 || >=22' },
2025-08-26T12:40:30.8793534Z npm warn EBADENGINE   current: { node: 'v18.20.8', npm: '10.8.2' }
2025-08-26T12:40:30.8794329Z npm warn EBADENGINE }
2025-08-26T12:40:30.8825188Z npm warn EBADENGINE Unsupported engine {
2025-08-26T12:40:30.8826170Z npm warn EBADENGINE   package: '@isaacs/brace-expansion@5.0.0',
2025-08-26T12:40:30.8827195Z npm warn EBADENGINE   required: { node: '20 || >=22' },
2025-08-26T12:40:30.8828159Z npm warn EBADENGINE   current: { node: 'v18.20.8', npm: '10.8.2' }
2025-08-26T12:40:30.8828936Z npm warn EBADENGINE }
2025-08-26T12:40:30.8857663Z npm warn EBADENGINE Unsupported engine {
2025-08-26T12:40:30.8870873Z npm warn EBADENGINE   package: 'find-my-way@9.3.0',
2025-08-26T12:40:30.8871615Z npm warn EBADENGINE   required: { node: '>=20' },
2025-08-26T12:40:30.8872429Z npm warn EBADENGINE   current: { node: 'v18.20.8', npm: '10.8.2' }
2025-08-26T12:40:30.8873073Z npm warn EBADENGINE }
2025-08-26T12:40:30.8879615Z npm warn EBADENGINE Unsupported engine {
2025-08-26T12:40:30.8880468Z npm warn EBADENGINE   package: 'glob@11.0.3',
2025-08-26T12:40:30.8881153Z npm warn EBADENGINE   required: { node: '20 || >=22' },
2025-08-26T12:40:30.8882219Z npm warn EBADENGINE   current: { node: 'v18.20.8', npm: '10.8.2' }
2025-08-26T12:40:30.8882840Z npm warn EBADENGINE }
2025-08-26T12:40:30.8895460Z npm warn EBADENGINE Unsupported engine {
2025-08-26T12:40:30.8896174Z npm warn EBADENGINE   package: 'minimatch@10.0.3',
2025-08-26T12:40:30.8896917Z npm warn EBADENGINE   required: { node: '20 || >=22' },
2025-08-26T12:40:30.8897725Z npm warn EBADENGINE   current: { node: 'v18.20.8', npm: '10.8.2' }
2025-08-26T12:40:30.8898347Z npm warn EBADENGINE }
2025-08-26T12:40:30.8909997Z npm warn EBADENGINE Unsupported engine {
2025-08-26T12:40:30.8933649Z npm warn EBADENGINE   package: 'jackspeak@4.1.1',
2025-08-26T12:40:30.8934439Z npm warn EBADENGINE   required: { node: '20 || >=22' },
2025-08-26T12:40:30.8935286Z npm warn EBADENGINE   current: { node: 'v18.20.8', npm: '10.8.2' }
2025-08-26T12:40:30.8935997Z npm warn EBADENGINE }
2025-08-26T12:40:30.8950645Z npm warn EBADENGINE Unsupported engine {
2025-08-26T12:40:30.8951551Z npm warn EBADENGINE   package: 'json-schema-resolver@3.0.0',
2025-08-26T12:40:30.8952388Z npm warn EBADENGINE   required: { node: '>=20' },
2025-08-26T12:40:30.8953256Z npm warn EBADENGINE   current: { node: 'v18.20.8', npm: '10.8.2' }
2025-08-26T12:40:30.8953961Z npm warn EBADENGINE }
2025-08-26T12:40:30.8988318Z npm warn EBADENGINE Unsupported engine {
2025-08-26T12:40:30.8989008Z npm warn EBADENGINE   package: 'path-scurry@2.0.0',
2025-08-26T12:40:30.8989708Z npm warn EBADENGINE   required: { node: '20 || >=22' },
2025-08-26T12:40:30.8990716Z npm warn EBADENGINE   current: { node: 'v18.20.8', npm: '10.8.2' }
2025-08-26T12:40:30.8991339Z npm warn EBADENGINE }
2025-08-26T12:40:30.9016003Z npm warn EBADENGINE Unsupported engine {
2025-08-26T12:40:30.9016745Z npm warn EBADENGINE   package: 'lru-cache@11.1.0',
2025-08-26T12:40:30.9017496Z npm warn EBADENGINE   required: { node: '20 || >=22' },
2025-08-26T12:40:30.9018341Z npm warn EBADENGINE   current: { node: 'v18.20.8', npm: '10.8.2' }
2025-08-26T12:40:30.9019185Z npm warn EBADENGINE }
2025-08-26T12:45:48.6666612Z npm warn deprecated @humanwhocodes/object-schema@2.0.3: Use @eslint/object-schema instead
2025-08-26T12:45:49.0450510Z npm warn deprecated @humanwhocodes/config-array@0.13.0: Use @eslint/config-array instead
2025-08-26T12:45:54.5388189Z npm error code E429
2025-08-26T12:45:54.5389124Z npm error 429 Too Many Requests - GET https://registry.npmjs.org/zod/-/zod-4.0.17.tgz
2025-08-26T12:45:54.5485490Z npm error A complete log of this run can be found in: /home/runner/.npm/_logs/2025-08-26T12_40_28_860Z-debug-0.log
2025-08-26T12:45:54.5691723Z ##[error]Process completed with exit code 1.
2025-08-26T12:45:54.5782809Z Post job cleanup.
2025-08-26T12:45:54.6743957Z [command]/usr/bin/git version
2025-08-26T12:45:54.6785908Z git version 2.51.0
2025-08-26T12:45:54.6832618Z Temporarily overriding HOME='/home/runner/work/_temp/5c2d30fc-c77c-4c5c-a1b1-cb65c17c340c' before making global git config changes
2025-08-26T12:45:54.6834687Z Adding repository directory to the temporary git global config as a safe directory
2025-08-26T12:45:54.6839155Z [command]/usr/bin/git config --global --add safe.directory /home/runner/work/jtarcio-clinica/jtarcio-clinica
2025-08-26T12:45:54.6891106Z [command]/usr/bin/git config --local --name-only --get-regexp core\.sshCommand
2025-08-26T12:45:54.6927908Z [command]/usr/bin/git submodule foreach --recursive sh -c "git config --local --name-only --get-regexp 'core\.sshCommand' && git config --local --unset-all 'core.sshCommand' || :"
2025-08-26T12:45:54.7171998Z [command]/usr/bin/git config --local --name-only --get-regexp http\.https\:\/\/github\.com\/\.extraheader
2025-08-26T12:45:54.7195694Z http.https://github.com/.extraheader
2025-08-26T12:45:54.7212013Z [command]/usr/bin/git config --local --unset-all http.https://github.com/.extraheader
2025-08-26T12:45:54.7246513Z [command]/usr/bin/git submodule foreach --recursive sh -c "git config --local --name-only --get-regexp 'http\.https\:\/\/github\.com\/\.extraheader' && git config --local --unset-all 'http.https://github.com/.extraheader' || :"
2025-08-26T12:45:54.7568197Z Print service container logs: 0cc4111ec3e546a0923a8c380189f0f0_postgres15_8b670c
2025-08-26T12:45:54.7572949Z ##[command]/usr/bin/docker logs --details 028dfefd00022defd6a05ab3f12821723d11d5799cf3e0dc0ebba1a69801aa31
2025-08-26T12:45:54.7712592Z  The files belonging to this database system will be owned by user "postgres".
2025-08-26T12:45:54.7714253Z  initdb: warning: enabling "trust" authentication for local connections
2025-08-26T12:45:54.7715342Z  initdb: hint: You can change this by editing pg_hba.conf or using the option -A, or --auth-local and --auth-host, the next time you run initdb.
2025-08-26T12:45:54.7716875Z  2025-08-26 12:40:08.910 UTC [1] LOG:  starting PostgreSQL 15.14 (Debian 15.14-1.pgdg13+1) on x86_64-pc-linux-gnu, compiled by gcc (Debian 14.2.0-19) 14.2.0, 64-bit
2025-08-26T12:45:54.7717969Z  2025-08-26 12:40:08.910 UTC [1] LOG:  listening on IPv4 address "0.0.0.0", port 5432
2025-08-26T12:45:54.7718720Z  2025-08-26 12:40:08.910 UTC [1] LOG:  listening on IPv6 address "::", port 5432
2025-08-26T12:45:54.7719485Z  2025-08-26 12:40:08.912 UTC [1] LOG:  listening on Unix socket "/var/run/postgresql/.s.PGSQL.5432"
2025-08-26T12:45:54.7720549Z  2025-08-26 12:40:08.915 UTC [63] LOG:  database system was shut down at 2025-08-26 12:40:08 UTC
2025-08-26T12:45:54.7721338Z  2025-08-26 12:40:08.919 UTC [1] LOG:  database system is ready to accept connections
2025-08-26T12:45:54.7722009Z  2025-08-26 12:40:17.934 UTC [74] FATAL:  role "root" does not exist
2025-08-26T12:45:54.7722603Z  2025-08-26 12:40:27.999 UTC [82] FATAL:  role "root" does not exist
2025-08-26T12:45:54.7723183Z  2025-08-26 12:40:38.100 UTC [89] FATAL:  role "root" does not exist
2025-08-26T12:45:54.7723768Z  2025-08-26 12:40:48.172 UTC [98] FATAL:  role "root" does not exist
2025-08-26T12:45:54.7724362Z  2025-08-26 12:40:58.240 UTC [106] FATAL:  role "root" does not exist
2025-08-26T12:45:54.7724965Z  2025-08-26 12:41:08.305 UTC [114] FATAL:  role "root" does not exist
2025-08-26T12:45:54.7725582Z  2025-08-26 12:41:18.372 UTC [123] FATAL:  role "root" does not exist
2025-08-26T12:45:54.7726168Z  2025-08-26 12:41:28.438 UTC [131] FATAL:  role "root" does not exist
2025-08-26T12:45:54.7726755Z  2025-08-26 12:41:38.503 UTC [139] FATAL:  role "root" does not exist
2025-08-26T12:45:54.7727344Z  2025-08-26 12:41:48.571 UTC [148] FATAL:  role "root" does not exist
2025-08-26T12:45:54.7727932Z  2025-08-26 12:41:58.636 UTC [156] FATAL:  role "root" does not exist
2025-08-26T12:45:54.7728509Z  2025-08-26 12:42:08.699 UTC [164] FATAL:  role "root" does not exist
2025-08-26T12:45:54.7729099Z  2025-08-26 12:42:18.764 UTC [173] FATAL:  role "root" does not exist
2025-08-26T12:45:54.7729674Z  2025-08-26 12:42:28.830 UTC [181] FATAL:  role "root" does not exist
2025-08-26T12:45:54.7730511Z  2025-08-26 12:42:38.895 UTC [189] FATAL:  role "root" does not exist
2025-08-26T12:45:54.7731094Z  2025-08-26 12:42:48.967 UTC [198] FATAL:  role "root" does not exist
2025-08-26T12:45:54.7731687Z  2025-08-26 12:42:59.033 UTC [206] FATAL:  role "root" does not exist
2025-08-26T12:45:54.7732271Z  2025-08-26 12:43:09.100 UTC [215] FATAL:  role "root" does not exist
2025-08-26T12:45:54.7732862Z  2025-08-26 12:43:19.184 UTC [223] FATAL:  role "root" does not exist
2025-08-26T12:45:54.7733445Z  2025-08-26 12:43:29.249 UTC [231] FATAL:  role "root" does not exist
2025-08-26T12:45:54.7734030Z  2025-08-26 12:43:39.320 UTC [240] FATAL:  role "root" does not exist
2025-08-26T12:45:54.7734620Z  2025-08-26 12:43:49.385 UTC [248] FATAL:  role "root" does not exist
2025-08-26T12:45:54.7735198Z  2025-08-26 12:43:59.468 UTC [256] FATAL:  role "root" does not exist
2025-08-26T12:45:54.7736234Z  2025-08-26 12:44:09.532 UTC [265] FATAL:  role "root" does not exist
2025-08-26T12:45:54.7736827Z  2025-08-26 12:44:19.597 UTC [273] FATAL:  role "root" does not exist
2025-08-26T12:45:54.7737407Z  2025-08-26 12:44:29.663 UTC [281] FATAL:  role "root" does not exist
2025-08-26T12:45:54.7738260Z  2025-08-26 12:44:39.731 UTC [290] FATAL:  role "root" does not exist
2025-08-26T12:45:54.7739089Z  2025-08-26 12:44:49.801 UTC [298] FATAL:  role "root" does not exist
2025-08-26T12:45:54.7739691Z  2025-08-26 12:44:59.868 UTC [306] FATAL:  role "root" does not exist
2025-08-26T12:45:54.7740457Z  2025-08-26 12:45:09.014 UTC [61] LOG:  checkpoint starting: time
2025-08-26T12:45:54.7740980Z  2025-08-26 12:45:09.934 UTC [315] FATAL:  role "root" does not exist
2025-08-26T12:45:54.7741894Z  2025-08-26 12:45:13.126 UTC [61] LOG:  checkpoint complete: wrote 44 buffers (0.3%); 0 WAL file(s) added, 0 removed, 0 recycled; write=4.109 s, sync=0.002 s, total=4.113 s; sync files=12, longest=0.001 s, average=0.001 s; distance=252 kB, estimate=252 kB
2025-08-26T12:45:54.7742711Z  2025-08-26 12:45:20.025 UTC [323] FATAL:  role "root" does not exist
2025-08-26T12:45:54.7743046Z  2025-08-26 12:45:30.094 UTC [331] FATAL:  role "root" does not exist
2025-08-26T12:45:54.7743367Z  2025-08-26 12:45:40.168 UTC [340] FATAL:  role "root" does not exist
2025-08-26T12:45:54.7743712Z  2025-08-26 12:45:50.244 UTC [348] FATAL:  role "root" does not exist
2025-08-26T12:45:54.7744051Z  This user must also own the server process.
2025-08-26T12:45:54.7744293Z  
2025-08-26T12:45:54.7744552Z  The database cluster will be initialized with locale "en_US.utf8".
2025-08-26T12:45:54.7744955Z  The default database encoding has accordingly been set to "UTF8".
2025-08-26T12:45:54.7745328Z  The default text search configuration will be set to "english".
2025-08-26T12:45:54.7745611Z  
2025-08-26T12:45:54.7745774Z  Data page checksums are disabled.
2025-08-26T12:45:54.7745986Z  
2025-08-26T12:45:54.7746245Z  fixing permissions on existing directory /var/lib/postgresql/data ... ok
2025-08-26T12:45:54.7746592Z  creating subdirectories ... ok
2025-08-26T12:45:54.7746872Z  selecting dynamic shared memory implementation ... posix
2025-08-26T12:45:54.7747180Z  selecting default max_connections ... 100
2025-08-26T12:45:54.7747439Z  selecting default shared_buffers ... 128MB
2025-08-26T12:45:54.7747692Z  selecting default time zone ... Etc/UTC
2025-08-26T12:45:54.7747944Z  creating configuration files ... ok
2025-08-26T12:45:54.7748184Z  running bootstrap script ... ok
2025-08-26T12:45:54.7748456Z  performing post-bootstrap initialization ... ok
2025-08-26T12:45:54.7748720Z  syncing data to disk ... ok
2025-08-26T12:45:54.7748912Z  
2025-08-26T12:45:54.7749052Z  
2025-08-26T12:45:54.7749243Z  Success. You can now start the database server using:
2025-08-26T12:45:54.7749500Z  
2025-08-26T12:45:54.7749701Z      pg_ctl -D /var/lib/postgresql/data -l logfile start
2025-08-26T12:45:54.7750169Z  
2025-08-26T12:45:54.7750707Z  waiting for server to start....2025-08-26 12:40:08.601 UTC [47] LOG:  starting PostgreSQL 15.14 (Debian 15.14-1.pgdg13+1) on x86_64-pc-linux-gnu, compiled by gcc (Debian 14.2.0-19) 14.2.0, 64-bit
2025-08-26T12:45:54.7751432Z  2025-08-26 12:40:08.602 UTC [47] LOG:  listening on Unix socket "/var/run/postgresql/.s.PGSQL.5432"
2025-08-26T12:45:54.7751918Z  2025-08-26 12:40:08.605 UTC [50] LOG:  database system was shut down at 2025-08-26 12:40:08 UTC
2025-08-26T12:45:54.7752357Z  2025-08-26 12:40:08.609 UTC [47] LOG:  database system is ready to accept connections
2025-08-26T12:45:54.7752669Z   done
2025-08-26T12:45:54.7752818Z  server started
2025-08-26T12:45:54.7752990Z  CREATE DATABASE
2025-08-26T12:45:54.7753152Z  
2025-08-26T12:45:54.7753294Z  
2025-08-26T12:45:54.7753573Z  /usr/local/bin/docker-entrypoint.sh: ignoring /docker-entrypoint-initdb.d/*
2025-08-26T12:45:54.7753924Z  
2025-08-26T12:45:54.7754236Z  waiting for server to shut down...2025-08-26 12:40:08.790 UTC [47] LOG:  received fast shutdown request
2025-08-26T12:45:54.7754688Z  .2025-08-26 12:40:08.791 UTC [47] LOG:  aborting any active transactions
2025-08-26T12:45:54.7755173Z  2025-08-26 12:40:08.793 UTC [47] LOG:  background worker "logical replication launcher" (PID 53) exited with exit code 1
2025-08-26T12:45:54.7755631Z  2025-08-26 12:40:08.794 UTC [48] LOG:  shutting down
2025-08-26T12:45:54.7756252Z  2025-08-26 12:40:08.797 UTC [48] LOG:  checkpoint starting: shutdown immediate
2025-08-26T12:45:54.7757058Z  2025-08-26 12:40:08.816 UTC [48] LOG:  checkpoint complete: wrote 922 buffers (5.6%); 0 WAL file(s) added, 0 removed, 0 recycled; write=0.016 s, sync=0.002 s, total=0.022 s; sync files=301, longest=0.001 s, average=0.001 s; distance=4239 kB, estimate=4239 kB
2025-08-26T12:45:54.7757837Z  2025-08-26 12:40:08.822 UTC [47] LOG:  database system is shut down
2025-08-26T12:45:54.7758115Z   done
2025-08-26T12:45:54.7758280Z  server stopped
2025-08-26T12:45:54.7758440Z  
2025-08-26T12:45:54.7758646Z  PostgreSQL init process complete; ready for start up.
2025-08-26T12:45:54.7758908Z  
2025-08-26T12:45:54.7764365Z Stop and remove container: 0cc4111ec3e546a0923a8c380189f0f0_postgres15_8b670c
2025-08-26T12:45:54.7769059Z ##[command]/usr/bin/docker rm --force 028dfefd00022defd6a05ab3f12821723d11d5799cf3e0dc0ebba1a69801aa31
2025-08-26T12:45:55.2773712Z 028dfefd00022defd6a05ab3f12821723d11d5799cf3e0dc0ebba1a69801aa31
2025-08-26T12:45:55.2808686Z Print service container logs: 8076312a5ba543b1b10bc0c7897102a3_redis7_392d4a
2025-08-26T12:45:55.2809805Z ##[command]/usr/bin/docker logs --details 3ecd6b74a61f3a8143f32a435312fad3ed233fa0fa6d9385028d414d1f4d757e
2025-08-26T12:45:55.2944735Z  1:C 26 Aug 2025 12:40:11.837 # WARNING Memory overcommit must be enabled! Without it, a background save or replication may fail under low memory condition. Being disabled, it can also cause failures without low memory condition, see https://github.com/jemalloc/jemalloc/issues/1328. To fix this issue add 'vm.overcommit_memory = 1' to /etc/sysctl.conf and then reboot or run the command 'sysctl vm.overcommit_memory=1' for this to take effect.
2025-08-26T12:45:55.2947644Z  1:C 26 Aug 2025 12:40:11.837 * oO0OoO0OoO0Oo Redis is starting oO0OoO0OoO0Oo
2025-08-26T12:45:55.2949504Z  1:C 26 Aug 2025 12:40:11.837 * Redis version=7.4.5, bits=64, commit=00000000, modified=0, pid=1, just started
2025-08-26T12:45:55.2951664Z  1:C 26 Aug 2025 12:40:11.837 # Warning: no config file specified, using the default config. In order to specify a config file use redis-server /path/to/redis.conf
2025-08-26T12:45:55.2952777Z  1:M 26 Aug 2025 12:40:11.837 * monotonic clock: POSIX clock_gettime
2025-08-26T12:45:55.2953369Z  1:M 26 Aug 2025 12:40:11.838 * Running mode=standalone, port=6379.
2025-08-26T12:45:55.2953911Z  1:M 26 Aug 2025 12:40:11.839 * Server initialized
2025-08-26T12:45:55.2954425Z  1:M 26 Aug 2025 12:40:11.839 * Ready to accept connections tcp
2025-08-26T12:45:55.2961830Z Stop and remove container: 8076312a5ba543b1b10bc0c7897102a3_redis7_392d4a
2025-08-26T12:45:55.2962546Z ##[command]/usr/bin/docker rm --force 3ecd6b74a61f3a8143f32a435312fad3ed233fa0fa6d9385028d414d1f4d757e
2025-08-26T12:45:55.4121238Z 3ecd6b74a61f3a8143f32a435312fad3ed233fa0fa6d9385028d414d1f4d757e
2025-08-26T12:45:55.4151202Z Remove container network: github_network_eca861e0ef394bcbb5a7c140bfadfb71
2025-08-26T12:45:55.4159608Z ##[command]/usr/bin/docker network rm github_network_eca861e0ef394bcbb5a7c140bfadfb71
2025-08-26T12:45:55.5016732Z github_network_eca861e0ef394bcbb5a7c140bfadfb71
2025-08-26T12:45:55.5076486Z Cleaning up orphan processes
